// Jest Snapshot v1, https://goo.gl/fbAQLP

exports[`shows help message on '$ mm add -h' 1`] = `
"Adds a MagicMirror module to your project.

Usage:

$ mm add <moduleName>

Details:

\`mm add <module>\` will add a third-party MagicMirror module to your project.

\`mm add\` will download and set up a module from GitHub. In most cases it can 
find the right module from the name alone.

In some cases you will need to specify the GitHub username of the module's 
author. Use the format \`mm add <github-username>/<module>\`.

Examples:

Add by module name
  $ yarn mm add MMM-WeatherDependentClothes

Add by GitHub username and module name
  $ yarn mm add fruestueck/MMM-WeatherDependentClothes"
`;

exports[`shows help message on '$ mm new -h' 1`] = `
"Set up files for a new module.

Usage:

$ mm new

Details:

\`mm new\` will set up a folder and starter files for a new module.

It will ask you a few questions, like the name of the module you want to make. 
You will be shown which files are created and how to get started."
`;

exports[`shows help message on '$ mm start -h' 1`] = `
"Start the app and instantly see changes to your source files.

Usage:

$ mm start [--for-view] [-b,--browser]

Details:

\`mm start\` compiles your files on the fly and updates the app instantly as you 
update your code or config.

Use it to quickly configure your mirror or develop your module.

Examples:

Start MagicMirror with live updates
  $ yarn mm start

Start in a browser instead of Electron
  $ yarn mm start --browser

Start to be viewed on another device with \`mm view\` instead of this device
  $ yarn mm start --for-view"
`;

exports[`shows help message on '$ mm view -h' 1`] = `
"Connect to \`mm start\` and display the application.

Usage:

$ mm view [--address,-a #0] [--port,-p #0] [--url,-u #0]

Details:

\`mm view\` connects to another device running \`mm start\` and displays the 
application.

It is similar to opening a browser to \`http://[address]:[port]\`, but uses 
Electron so that there is no need to install a browser on the current device.

Examples:

Connect to the address and port specified in the config file
  $ yarn mm view

Specify the address and port to connect to
  $ yarn mm view --address 192.168.0.5 --port 8080

Specify the url to connect to
  $ yarn mm view --url http://192.168.0.5:8080

Connect to \`mm start --for-view\` on the current device
  $ yarn mm view --port 8080"
`;

exports[`shows help message on '$ mm' 1`] = `
"MagicMirror CLI - 3.0.0-alpha.0

  $ mm <command>

Where <command> is one of:

  mm add <moduleName>
    Adds a MagicMirror module to your project.

  mm new
    Set up files for a new module.

  mm start [--for-view] [-b,--browser]
    Start the app and instantly see changes to your source files.

  mm view [--address,-a #0] [--port,-p #0] [--url,-u #0]
    Connect to \`mm start\` and display the application.

You can also print more details about any of these commands by calling them 
after adding the \`-h,--help\` flag right after the command name."
`;
